---
source: src/lib.rs
expression: functions
---
[
    FunctionGUID {
        guid: 623a8338-34d6-5a6e-8c4e-36a1a071117e,
    },
    FunctionGUID {
        guid: 6cd81a21-6967-5c90-b73e-5a810f835a84,
    },
    FunctionGUID {
        guid: 905fa3b0-3571-58ed-b81f-7cf62bdcfe49,
    },
    FunctionGUID {
        guid: 9a3e480c-5ebd-5278-8e33-4a6e982167fb,
    },
    FunctionGUID {
        guid: a25a06fb-fb60-542c-9b11-4c286dbc607b,
    },
    FunctionGUID {
        guid: b1c5fbad-2657-5231-9f7b-b15a0d3b3bb6,
    },
    FunctionGUID {
        guid: bcba7769-cc5a-5cdf-be50-d95b7a74ef60,
    },
    FunctionGUID {
        guid: dd833eb1-f99b-5c58-a289-998dba19e69a,
    },
    FunctionGUID {
        guid: f631b282-0174-5bdd-846d-c0514f2539e1,
    },
    FunctionGUID {
        guid: fa2d7ebf-d187-5592-bfc1-ee41614437b3,
    },
    FunctionGUID {
        guid: fa2d7ebf-d187-5592-bfc1-ee41614437b3,
    },
]
