---
source: rust/tests/binary_view.rs
expression: functions
---
{
    234752: FunctionSnapshot {
        platform: Platform {
            name: "windows-x86",
            arch: "x86",
        },
        symbol: Symbol {
            type: Function,
            binding: Global,
            full_name: "__crt_interlocked_read<long>(long const volatile*)",
            short_name: "__crt_interlocked_read<long>",
            raw_name: "??$__crt_interlocked_read@J@@YAJPDJ@Z",
            address: 234752,
            auto_defined: true,
            external: true,
        },
    },
    235072: FunctionSnapshot {
        platform: Platform {
            name: "windows-x86",
            arch: "x86",
        },
        symbol: Symbol {
            type: Function,
            binding: Global,
            full_name: "__crt_strtox::assemble_floating_point_ind<float>(float&)",
            short_name: "__crt_strtox::assemble_floating_point_ind<float>",
            raw_name: "??$assemble_floating_point_ind@M@__crt_strtox@@YAXAAM@Z",
            address: 235072,
            auto_defined: true,
            external: true,
        },
    },
    235536: FunctionSnapshot {
        platform: Platform {
            name: "windows-x86",
            arch: "x86",
        },
        symbol: Symbol {
            type: Function,
            binding: Global,
            full_name: "__crt_strtox::assemble_floating_point_ind<double>(double&)",
            short_name: "__crt_strtox::assemble_floating_point_ind<double>",
            raw_name: "??$assemble_floating_point_ind@N@__crt_strtox@@YAXAAN@Z",
            address: 235536,
            auto_defined: true,
            external: true,
        },
    },
    236016: FunctionSnapshot {
        platform: Platform {
            name: "windows-x86",
            arch: "x86",
        },
        symbol: Symbol {
            type: Function,
            binding: Global,
            full_name: "__crt_strtox::assemble_floating_point_infinity<float>(bool, float&)",
            short_name: "__crt_strtox::assemble_floating_point_infinity<float>",
            raw_name: "??$assemble_floating_point_infinity@M@__crt_strtox@@YAX_NAAM@Z",
            address: 236016,
            auto_defined: true,
            external: true,
        },
    },
    236528: FunctionSnapshot {
        platform: Platform {
            name: "windows-x86",
            arch: "x86",
        },
        symbol: Symbol {
            type: Function,
            binding: Global,
            full_name: "__crt_strtox::assemble_floating_point_infinity<double>(bool, double&)",
            short_name: "__crt_strtox::assemble_floating_point_infinity<double>",
            raw_name: "??$assemble_floating_point_infinity@N@__crt_strtox@@YAX_NAAN@Z",
            address: 236528,
            auto_defined: true,
            external: true,
        },
    },
    237088: FunctionSnapshot {
        platform: Platform {
            name: "windows-x86",
            arch: "x86",
        },
        symbol: Symbol {
            type: Function,
            binding: Global,
            full_name: "__crt_strtox::assemble_floating_point_qnan<float>(bool, float&)",
            short_name: "__crt_strtox::assemble_floating_point_qnan<float>",
            raw_name: "??$assemble_floating_point_qnan@M@__crt_strtox@@YAX_NAAM@Z",
            address: 237088,
            auto_defined: true,
            external: true,
        },
    },
    237600: FunctionSnapshot {
        platform: Platform {
            name: "windows-x86",
            arch: "x86",
        },
        symbol: Symbol {
            type: Function,
            binding: Global,
            full_name: "__crt_strtox::assemble_floating_point_qnan<double>(bool, double&)",
            short_name: "__crt_strtox::assemble_floating_point_qnan<double>",
            raw_name: "??$assemble_floating_point_qnan@N@__crt_strtox@@YAX_NAAN@Z",
            address: 237600,
            auto_defined: true,
            external: true,
        },
    },
    238160: FunctionSnapshot {
        platform: Platform {
            name: "windows-x86",
            arch: "x86",
        },
        symbol: Symbol {
            type: Function,
            binding: Global,
            full_name: "__crt_strtox::assemble_floating_point_snan<float>(bool, float&)",
            short_name: "__crt_strtox::assemble_floating_point_snan<float>",
            raw_name: "??$assemble_floating_point_snan@M@__crt_strtox@@YAX_NAAM@Z",
            address: 238160,
            auto_defined: true,
            external: true,
        },
    },
    238672: FunctionSnapshot {
        platform: Platform {
            name: "windows-x86",
            arch: "x86",
        },
        symbol: Symbol {
            type: Function,
            binding: Global,
            full_name: "__crt_strtox::assemble_floating_point_snan<double>(bool, double&)",
            short_name: "__crt_strtox::assemble_floating_point_snan<double>",
            raw_name: "??$assemble_floating_point_snan@N@__crt_strtox@@YAX_NAAN@Z",
            address: 238672,
            auto_defined: true,
            external: true,
        },
    },
    239232: FunctionSnapshot {
        platform: Platform {
            name: "windows-x86",
            arch: "x86",
        },
        symbol: Symbol {
            type: Function,
            binding: Global,
            full_name: "__crt_strtox::assemble_floating_point_value_t<float>(bool, int32_t, uint64_t, float&)",
            short_name: "__crt_strtox::assemble_floating_point_value_t<float>",
            raw_name: "??$assemble_floating_point_value_t@M@__crt_strtox@@YA?AW4SLD_STATUS@@_NH_KAAM@Z",
            address: 239232,
            auto_defined: true,
            external: true,
        },
    },
    239808: FunctionSnapshot {
        platform: Platform {
            name: "windows-x86",
            arch: "x86",
        },
        symbol: Symbol {
            type: Function,
            binding: Global,
            full_name: "__crt_strtox::assemble_floating_point_value_t<double>(bool, int32_t, uint64_t, double&)",
            short_name: "__crt_strtox::assemble_floating_point_value_t<double>",
            raw_name: "??$assemble_floating_point_value_t@N@__crt_strtox@@YA?AW4SLD_STATUS@@_NH_KAAN@Z",
            address: 239808,
            auto_defined: true,
            external: true,
        },
    },
    240448: FunctionSnapshot {
        platform: Platform {
            name: "windows-x86",
            arch: "x86",
        },
        symbol: Symbol {
            type: Function,
            binding: Global,
            full_name: "__crt_strtox::assemble_floating_point_zero<float>(bool, float&)",
            short_name: "__crt_strtox::assemble_floating_point_zero<float>",
            raw_name: "??$assemble_floating_point_zero@M@__crt_strtox@@YAX_NAAM@Z",
            address: 240448,
            auto_defined: true,
            external: true,
        },
    },
    240960: FunctionSnapshot {
        platform: Platform {
            name: "windows-x86",
            arch: "x86",
        },
        symbol: Symbol {
            type: Function,
            binding: Global,
            full_name: "__crt_strtox::assemble_floating_point_zero<double>(bool, double&)",
            short_name: "__crt_strtox::assemble_floating_point_zero<double>",
            raw_name: "??$assemble_floating_point_zero@N@__crt_strtox@@YAX_NAAN@Z",
            address: 240960,
            auto_defined: true,
            external: true,
        },
    },
    241520: FunctionSnapshot {
        platform: Platform {
            name: "windows-x86",
            arch: "x86",
        },
        symbol: Symbol {
            type: Function,
            binding: Local,
            full_name: "common_atodbl_l<float, char>(float* const, char const* const, struct __crt_locale_pointers* const)",
            short_name: "common_atodbl_l<float, char>",
            raw_name: "??$common_atodbl_l@MD@@YAHQAMQBDQAU__crt_locale_pointers@@@Z",
            address: 241520,
            auto_defined: true,
            external: false,
        },
    },
    242464: FunctionSnapshot {
        platform: Platform {
            name: "windows-x86",
            arch: "x86",
        },
        symbol: Symbol {
            type: Function,
            binding: Local,
            full_name: "common_atodbl_l<double, char>(double* const, char const* const, struct __crt_locale_pointers* const)",
            short_name: "common_atodbl_l<double, char>",
            raw_name: "??$common_atodbl_l@ND@@YAHQANQBDQAU__crt_locale_pointers@@@Z",
            address: 242464,
            auto_defined: true,
            external: false,
        },
    },
    243408: FunctionSnapshot {
        platform: Platform {
            name: "windows-x86",
            arch: "x86",
        },
        symbol: Symbol {
            type: Function,
            binding: Local,
            full_name: "common_atof_l<char>(char const* const, struct __crt_locale_pointers* const)",
            short_name: "common_atof_l<char>",
            raw_name: "??$common_atof_l@D@@YANQBDQAU__crt_locale_pointers@@@Z",
            address: 243408,
            auto_defined: true,
            external: false,
        },
    },
    244208: FunctionSnapshot {
        platform: Platform {
            name: "windows-x86",
            arch: "x86",
        },
        symbol: Symbol {
            type: Function,
            binding: Local,
            full_name: "common_atof_l<wchar_t>(wchar_t const* const, struct __crt_locale_pointers* const)",
            short_name: "common_atof_l<wchar_t>",
            raw_name: "??$common_atof_l@_W@@YANQB_WQAU__crt_locale_pointers@@@Z",
            address: 244208,
            auto_defined: true,
            external: false,
        },
    },
    245008: FunctionSnapshot {
        platform: Platform {
            name: "windows-x86",
            arch: "x86",
        },
        symbol: Symbol {
            type: Function,
            binding: Global,
            full_name: "__crt_strtox::convert_decimal_string_to_floating_type<float>(struct convert_decimal_string_to_floating_type<float>::floating_point_string const&, float&)",
            short_name: "__crt_strtox::convert_decimal_string_to_floating_type<float>",
            raw_name: "??$convert_decimal_string_to_floating_type@M@__crt_strtox@@YA?AW4SLD_STATUS@@ABUfloating_point_string@0@AAM@Z",
            address: 245008,
            auto_defined: true,
            external: true,
        },
    },
    245408: FunctionSnapshot {
        platform: Platform {
            name: "windows-x86",
            arch: "x86",
        },
        symbol: Symbol {
            type: Function,
            binding: Global,
            full_name: "__crt_strtox::convert_decimal_string_to_floating_type<double>(struct convert_decimal_string_to_floating_type<double>::floating_point_string const&, double&)",
            short_name: "__crt_strtox::convert_decimal_string_to_floating_type<double>",
            raw_name: "??$convert_decimal_string_to_floating_type@N@__crt_strtox@@YA?AW4SLD_STATUS@@ABUfloating_point_string@0@AAN@Z",
            address: 245408,
            auto_defined: true,
            external: true,
        },
    },
    245808: FunctionSnapshot {
        platform: Platform {
            name: "windows-x86",
            arch: "x86",
        },
        symbol: Symbol {
            type: Function,
            binding: Global,
            full_name: "__crt_strtox::convert_hexadecimal_string_to_floating_type<float>(struct convert_hexadecimal_string_to_floating_type<float>::floating_point_string const&, float&)",
            short_name: "__crt_strtox::convert_hexadecimal_string_to_floating_type<float>",
            raw_name: "??$convert_hexadecimal_string_to_floating_type@M@__crt_strtox@@YA?AW4SLD_STATUS@@ABUfloating_point_string@0@AAM@Z",
            address: 245808,
            auto_defined: true,
            external: true,
        },
    },
    246208: FunctionSnapshot {
        platform: Platform {
            name: "windows-x86",
            arch: "x86",
        },
        symbol: Symbol {
            type: Function,
            binding: Global,
            full_name: "__crt_strtox::convert_hexadecimal_string_to_floating_type<double>(struct convert_hexadecimal_string_to_floating_type<double>::floating_point_string const&, double&)",
            short_name: "__crt_strtox::convert_hexadecimal_string_to_floating_type<double>",
            raw_name: "??$convert_hexadecimal_string_to_floating_type@N@__crt_strtox@@YA?AW4SLD_STATUS@@ABUfloating_point_string@0@AAN@Z",
            address: 246208,
            auto_defined: true,
            external: true,
        },
    },
    246608: FunctionSnapshot {
        platform: Platform {
            name: "windows-x86",
            arch: "x86",
        },
        symbol: Symbol {
            type: Function,
            binding: Global,
            full_name: "__crt_strtox::make_c_string_character_source<char, std::nullptr>(char const* const, std::nullptr)",
            short_name: "__crt_strtox::make_c_string_character_source<char, std::nullptr>",
            raw_name: "??$make_c_string_character_source@D$$T@__crt_strtox@@YA?AV?$c_string_character_source@D@0@QBD$$T@Z",
            address: 246608,
            auto_defined: true,
            external: true,
        },
    },
    246992: FunctionSnapshot {
        platform: Platform {
            name: "windows-x86",
            arch: "x86",
        },
        symbol: Symbol {
            type: Function,
            binding: Global,
            full_name: "__crt_strtox::make_c_string_character_source<wchar_t, std::nullptr>(wchar_t const* const, std::nullptr)",
            short_name: "__crt_strtox::make_c_string_character_source<wchar_t, std::nullptr>",
            raw_name: "??$make_c_string_character_source@_W$$T@__crt_strtox@@YA?AV?$c_string_character_source@_W@0@QB_W$$T@Z",
            address: 246992,
            auto_defined: true,
            external: true,
        },
    },
    247376: FunctionSnapshot {
        platform: Platform {
            name: "windows-x86",
            arch: "x86",
        },
        symbol: Symbol {
            type: Function,
            binding: Global,
            full_name: "__crt_strtox::parse_floating_point<class __crt_strtox::c_string_character_source<char>, float>(struct __crt_locale_pointers* const, class parse_floating_point<class __crt_strtox::c_string_character_source<char>, float>::c_string_character_source<char>, float* const)",
            short_name: "__crt_strtox::parse_floating_point<class __crt_strtox::c_string_character_source<char>, float>",
            raw_name: "??$parse_floating_point@V?$c_string_character_source@D@__crt_strtox@@M@__crt_strtox@@YA?AW4SLD_STATUS@@QAU__crt_locale_pointers@@V?$c_string_character_source@D@0@QAM@Z",
            address: 247376,
            auto_defined: true,
            external: true,
        },
    },
    248672: FunctionSnapshot {
        platform: Platform {
            name: "windows-x86",
            arch: "x86",
        },
        symbol: Symbol {
            type: Function,
            binding: Global,
            full_name: "__crt_strtox::parse_floating_point<class __crt_strtox::c_string_character_source<char>, double>(struct __crt_locale_pointers* const, class parse_floating_point<class __crt_strtox::c_string_character_source<char>, double>::c_string_character_source<char>, double* const)",
            short_name: "__crt_strtox::parse_floating_point<class __crt_strtox::c_string_character_source<char>, double>",
            raw_name: "??$parse_floating_point@V?$c_string_character_source@D@__crt_strtox@@N@__crt_strtox@@YA?AW4SLD_STATUS@@QAU__crt_locale_pointers@@V?$c_string_character_source@D@0@QAN@Z",
            address: 248672,
            auto_defined: true,
            external: true,
        },
    },
    249968: FunctionSnapshot {
        platform: Platform {
            name: "windows-x86",
            arch: "x86",
        },
        symbol: Symbol {
            type: Function,
            binding: Global,
            full_name: "__crt_strtox::parse_floating_point<class __crt_strtox::c_string_character_source<wchar_t>, double>(struct __crt_locale_pointers* const, class parse_floating_point<class __crt_strtox::c_string_character_source<wchar_t>, double>::c_string_character_source<wchar_t>, double* const)",
            short_name: "__crt_strtox::parse_floating_point<class __crt_strtox::c_string_character_source<wchar_t>, double>",
            raw_name: "??$parse_floating_point@V?$c_string_character_source@_W@__crt_strtox@@N@__crt_strtox@@YA?AW4SLD_STATUS@@QAU__crt_locale_pointers@@V?$c_string_character_source@_W@0@QAN@Z",
            address: 249968,
            auto_defined: true,
            external: true,
        },
    },
    251264: FunctionSnapshot {
        platform: Platform {
            name: "windows-x86",
            arch: "x86",
        },
        symbol: Symbol {
            type: Function,
            binding: Global,
            full_name: "__crt_strtox::parse_floating_point_from_source<class __crt_strtox::c_string_character_source<char> >(struct __crt_locale_pointers* const, class parse_floating_point_from_source<class __crt_strtox::c_string_character_source<char> >::c_string_character_source<char>&, struct parse_floating_point_from_source<class __crt_strtox::c_string_character_source<char> >::floating_point_string&)",
            short_name: "__crt_strtox::parse_floating_point_from_source<class __crt_strtox::c_string_character_source<char> >",
            raw_name: "??$parse_floating_point_from_source@V?$c_string_character_source@D@__crt_strtox@@@__crt_strtox@@YA?AW4floating_point_parse_result@0@QAU__crt_locale_pointers@@AAV?$c_string_character_source@D@0@AAUfloating_point_string@0@@Z",
            address: 251264,
            auto_defined: true,
            external: true,
        },
    },
    255600: FunctionSnapshot {
        platform: Platform {
            name: "windows-x86",
            arch: "x86",
        },
        symbol: Symbol {
            type: Function,
            binding: Global,
            full_name: "__crt_strtox::parse_floating_point_from_source<class __crt_strtox::c_string_character_source<wchar_t> >(struct __crt_locale_pointers* const, class parse_floating_point_from_source<class __crt_strtox::c_string_character_source<wchar_t> >::c_string_character_source<wchar_t>&, struct parse_floating_point_from_source<class __crt_strtox::c_string_character_source<wchar_t> >::floating_point_string&)",
            short_name: "__crt_strtox::parse_floating_point_from_source<class __crt_strtox::c_string_character_source<wchar_t> >",
            raw_name: "??$parse_floating_point_from_source@V?$c_string_character_source@_W@__crt_strtox@@@__crt_strtox@@YA?AW4floating_point_parse_result@0@QAU__crt_locale_pointers@@AAV?$c_string_character_source@_W@0@AAUfloating_point_string@0@@Z",
            address: 255600,
            auto_defined: true,
            external: true,
        },
    },
    259968: FunctionSnapshot {
        platform: Platform {
            name: "windows-x86",
            arch: "x86",
        },
        symbol: Symbol {
            type: Function,
            binding: Global,
            full_name: "__crt_strtox::parse_floating_point_possible_infinity<char, class __crt_strtox::c_string_character_source<char>, char const*>(char&, class parse_floating_point_possible_infinity<char, class __crt_strtox::c_string_character_source<char>, char const*>::c_string_character_source<char>&, char const*)",
            short_name: "__crt_strtox::parse_floating_point_possible_infinity<char, class __crt_strtox::c_string_character_source<char>, char const*>",
            raw_name: "??$parse_floating_point_possible_infinity@DV?$c_string_character_source@D@__crt_strtox@@PBD@__crt_strtox@@YA?AW4floating_point_parse_result@0@AADAAV?$c_string_character_source@D@0@PBD@Z",
            address: 259968,
            auto_defined: true,
            external: true,
        },
    },
    261152: FunctionSnapshot {
        platform: Platform {
            name: "windows-x86",
            arch: "x86",
        },
        symbol: Symbol {
            type: Function,
            binding: Global,
            full_name: "__crt_strtox::parse_floating_point_possible_infinity<wchar_t, class __crt_strtox::c_string_character_source<wchar_t>, wchar_t const*>(wchar_t&, class parse_floating_point_possible_infinity<wchar_t, class __crt_strtox::c_string_character_source<wchar_t>, wchar_t const*>::c_string_character_source<wchar_t>&, wchar_t const*)",
            short_name: "__crt_strtox::parse_floating_point_possible_infinity<wchar_t, class __crt_strtox::c_string_character_source<wchar_t>, wchar_t const*>",
            raw_name: "??$parse_floating_point_possible_infinity@_WV?$c_string_character_source@_W@__crt_strtox@@PB_W@__crt_strtox@@YA?AW4floating_point_parse_result@0@AA_WAAV?$c_string_character_source@_W@0@PB_W@Z",
            address: 261152,
            auto_defined: true,
            external: true,
        },
    },
    262352: FunctionSnapshot {
        platform: Platform {
            name: "windows-x86",
            arch: "x86",
        },
        symbol: Symbol {
            type: Function,
            binding: Global,
            full_name: "__crt_strtox::parse_floating_point_possible_nan<char, class __crt_strtox::c_string_character_source<char>, char const*>(char&, class parse_floating_point_possible_nan<char, class __crt_strtox::c_string_character_source<char>, char const*>::c_string_character_source<char>&, char const*)",
            short_name: "__crt_strtox::parse_floating_point_possible_nan<char, class __crt_strtox::c_string_character_source<char>, char const*>",
            raw_name: "??$parse_floating_point_possible_nan@DV?$c_string_character_source@D@__crt_strtox@@PBD@__crt_strtox@@YA?AW4floating_point_parse_result@0@AADAAV?$c_string_character_source@D@0@PBD@Z",
            address: 262352,
            auto_defined: true,
            external: true,
        },
    },
    263792: FunctionSnapshot {
        platform: Platform {
            name: "windows-x86",
            arch: "x86",
        },
        symbol: Symbol {
            type: Function,
            binding: Global,
            full_name: "__crt_strtox::parse_floating_point_possible_nan<wchar_t, class __crt_strtox::c_string_character_source<wchar_t>, wchar_t const*>(wchar_t&, class parse_floating_point_possible_nan<wchar_t, class __crt_strtox::c_string_character_source<wchar_t>, wchar_t const*>::c_string_character_source<wchar_t>&, wchar_t const*)",
            short_name: "__crt_strtox::parse_floating_point_possible_nan<wchar_t, class __crt_strtox::c_string_character_source<wchar_t>, wchar_t const*>",
            raw_name: "??$parse_floating_point_possible_nan@_WV?$c_string_character_source@_W@__crt_strtox@@PB_W@__crt_strtox@@YA?AW4floating_point_parse_result@0@AA_WAAV?$c_string_character_source@_W@0@PB_W@Z",
            address: 263792,
            auto_defined: true,
            external: true,
        },
    },
    265248: FunctionSnapshot {
        platform: Platform {
            name: "windows-x86",
            arch: "x86",
        },
        symbol: Symbol {
            type: Function,
            binding: Global,
            full_name: "__crt_strtox::parse_floating_point_possible_nan_is_ind<char, class __crt_strtox::c_string_character_source<char> >(char&, class parse_floating_point_possible_nan_is_ind<char, class __crt_strtox::c_string_character_source<char> >::c_string_character_source<char>&)",
            short_name: "__crt_strtox::parse_floating_point_possible_nan_is_ind<char, class __crt_strtox::c_string_character_source<char> >",
            raw_name: "??$parse_floating_point_possible_nan_is_ind@DV?$c_string_character_source@D@__crt_strtox@@@__crt_strtox@@YA_NAADAAV?$c_string_character_source@D@0@@Z",
            address: 265248,
            auto_defined: true,
            external: true,
        },
    },
    265792: FunctionSnapshot {
        platform: Platform {
            name: "windows-x86",
            arch: "x86",
        },
        symbol: Symbol {
            type: Function,
            binding: Global,
            full_name: "__crt_strtox::parse_floating_point_possible_nan_is_ind<wchar_t, class __crt_strtox::c_string_character_source<wchar_t> >(wchar_t&, class parse_floating_point_possible_nan_is_ind<wchar_t, class __crt_strtox::c_string_character_source<wchar_t> >::c_string_character_source<wchar_t>&)",
            short_name: "__crt_strtox::parse_floating_point_possible_nan_is_ind<wchar_t, class __crt_strtox::c_string_character_source<wchar_t> >",
            raw_name: "??$parse_floating_point_possible_nan_is_ind@_WV?$c_string_character_source@_W@__crt_strtox@@@__crt_strtox@@YA_NAA_WAAV?$c_string_character_source@_W@0@@Z",
            address: 265792,
            auto_defined: true,
            external: true,
        },
    },
    266336: FunctionSnapshot {
        platform: Platform {
            name: "windows-x86",
            arch: "x86",
        },
        symbol: Symbol {
            type: Function,
            binding: Global,
            full_name: "__crt_strtox::parse_floating_point_possible_nan_is_snan<char, class __crt_strtox::c_string_character_source<char> >(char&, class parse_floating_point_possible_nan_is_snan<char, class __crt_strtox::c_string_character_source<char> >::c_string_character_source<char>&)",
            short_name: "__crt_strtox::parse_floating_point_possible_nan_is_snan<char, class __crt_strtox::c_string_character_source<char> >",
            raw_name: "??$parse_floating_point_possible_nan_is_snan@DV?$c_string_character_source@D@__crt_strtox@@@__crt_strtox@@YA_NAADAAV?$c_string_character_source@D@0@@Z",
            address: 266336,
            auto_defined: true,
            external: true,
        },
    },
    266880: FunctionSnapshot {
        platform: Platform {
            name: "windows-x86",
            arch: "x86",
        },
        symbol: Symbol {
            type: Function,
            binding: Global,
            full_name: "__crt_strtox::parse_floating_point_possible_nan_is_snan<wchar_t, class __crt_strtox::c_string_character_source<wchar_t> >(wchar_t&, class parse_floating_point_possible_nan_is_snan<wchar_t, class __crt_strtox::c_string_character_source<wchar_t> >::c_string_character_source<wchar_t>&)",
            short_name: "__crt_strtox::parse_floating_point_possible_nan_is_snan<wchar_t, class __crt_strtox::c_string_character_source<wchar_t> >",
            raw_name: "??$parse_floating_point_possible_nan_is_snan@_WV?$c_string_character_source@_W@__crt_strtox@@@__crt_strtox@@YA_NAA_WAAV?$c_string_character_source@_W@0@@Z",
            address: 266880,
            auto_defined: true,
            external: true,
        },
    },
    267424: FunctionSnapshot {
        platform: Platform {
            name: "windows-x86",
            arch: "x86",
        },
        symbol: Symbol {
            type: Function,
            binding: Global,
            full_name: "__crt_strtox::parse_floating_point_write_result<float>(enum parse_floating_point_write_result<float>::floating_point_parse_result, struct parse_floating_point_write_result<float>::floating_point_string const&, float* const)",
            short_name: "__crt_strtox::parse_floating_point_write_result<float>",
            raw_name: "??$parse_floating_point_write_result@M@__crt_strtox@@YA?AW4SLD_STATUS@@W4floating_point_parse_result@0@ABUfloating_point_string@0@QAM@Z",
            address: 267424,
            auto_defined: true,
            external: true,
        },
    },
    268912: FunctionSnapshot {
        platform: Platform {
            name: "windows-x86",
            arch: "x86",
        },
        symbol: Symbol {
            type: Function,
            binding: Global,
            full_name: "__crt_strtox::parse_floating_point_write_result<double>(enum parse_floating_point_write_result<double>::floating_point_parse_result, struct parse_floating_point_write_result<double>::floating_point_string const&, double* const)",
            short_name: "__crt_strtox::parse_floating_point_write_result<double>",
            raw_name: "??$parse_floating_point_write_result@N@__crt_strtox@@YA?AW4SLD_STATUS@@W4floating_point_parse_result@0@ABUfloating_point_string@0@QAN@Z",
            address: 268912,
            auto_defined: true,
            external: true,
        },
    },
    270400: FunctionSnapshot {
        platform: Platform {
            name: "windows-x86",
            arch: "x86",
        },
        symbol: Symbol {
            type: Function,
            binding: Global,
            full_name: "__crt_strtox::parse_next_characters_from_source<char, class __crt_strtox::c_string_character_source<char> >(char const* const, char const* const, uint32_t, char&, class parse_next_characters_from_source<char, class __crt_strtox::c_string_character_source<char> >::c_string_character_source<char>&)",
            short_name: "__crt_strtox::parse_next_characters_from_source<char, class __crt_strtox::c_string_character_source<char> >",
            raw_name: "??$parse_next_characters_from_source@DV?$c_string_character_source@D@__crt_strtox@@@__crt_strtox@@YA_NQBD0IAADAAV?$c_string_character_source@D@0@@Z",
            address: 270400,
            auto_defined: true,
            external: true,
        },
    },
    271040: FunctionSnapshot {
        platform: Platform {
            name: "windows-x86",
            arch: "x86",
        },
        symbol: Symbol {
            type: Function,
            binding: Global,
            full_name: "__crt_strtox::parse_next_characters_from_source<wchar_t, class __crt_strtox::c_string_character_source<wchar_t> >(wchar_t const* const, wchar_t const* const, uint32_t, wchar_t&, class parse_next_characters_from_source<wchar_t, class __crt_strtox::c_string_character_source<wchar_t> >::c_string_character_source<wchar_t>&)",
            short_name: "__crt_strtox::parse_next_characters_from_source<wchar_t, class __crt_strtox::c_string_character_source<wchar_t> >",
            raw_name: "??$parse_next_characters_from_source@_WV?$c_string_character_source@_W@__crt_strtox@@@__crt_strtox@@YA_NQB_W0IAA_WAAV?$c_string_character_source@_W@0@@Z",
            address: 271040,
            auto_defined: true,
            external: true,
        },
    },
    271696: FunctionSnapshot {
        platform: Platform {
            name: "windows-x86",
            arch: "x86",
        },
        symbol: Symbol {
            type: Function,
            binding: Local,
            full_name: "<lambda_06080157eaae712d99479d67fe76bb34>::<lambda_06080157eaae712d99479d67fe76bb34>(<lambda_06080157eaae712d99479d67fe76bb34>* this, class __crt_strtox::c_string_character_source<wchar_t>&, wchar_t&, wchar_t const*&)",
            short_name: "<lambda_06080157eaae712d99479d67fe76bb34>::<lambda_06080157eaae712d99479d67fe76bb34>",
            raw_name: "??0<lambda_06080157eaae712d99479d67fe76bb34>@@QAE@AAV?$c_string_character_source@_W@__crt_strtox@@AA_WAAPB_W@Z",
            address: 271696,
            auto_defined: true,
            external: false,
        },
    },
    272128: FunctionSnapshot {
        platform: Platform {
            name: "windows-x86",
            arch: "x86",
        },
        symbol: Symbol {
            type: Function,
            binding: Local,
            full_name: "<lambda_1c7d96af0f0b63f6b7070c698dcc1b90>::<lambda_1c7d96af0f0b63f6b7070c698dcc1b90>(<lambda_1c7d96af0f0b63f6b7070c698dcc1b90>* this, class __crt_strtox::c_string_character_source<wchar_t>&, wchar_t&, wchar_t const*&)",
            short_name: "<lambda_1c7d96af0f0b63f6b7070c698dcc1b90>::<lambda_1c7d96af0f0b63f6b7070c698dcc1b90>",
            raw_name: "??0<lambda_1c7d96af0f0b63f6b7070c698dcc1b90>@@QAE@AAV?$c_string_character_source@_W@__crt_strtox@@AA_WAAPB_W@Z",
            address: 272128,
            auto_defined: true,
            external: false,
        },
    },
    272560: FunctionSnapshot {
        platform: Platform {
            name: "windows-x86",
            arch: "x86",
        },
        symbol: Symbol {
            type: Function,
            binding: Local,
            full_name: "<lambda_3a2f1c4b88a94fdfdc7bccff06592946>::<lambda_3a2f1c4b88a94fdfdc7bccff06592946>(<lambda_3a2f1c4b88a94fdfdc7bccff06592946>* this, class __crt_strtox::c_string_character_source<char>&, char&, char const*&)",
            short_name: "<lambda_3a2f1c4b88a94fdfdc7bccff06592946>::<lambda_3a2f1c4b88a94fdfdc7bccff06592946>",
            raw_name: "??0<lambda_3a2f1c4b88a94fdfdc7bccff06592946>@@QAE@AAV?$c_string_character_source@D@__crt_strtox@@AADAAPBD@Z",
            address: 272560,
            auto_defined: true,
            external: false,
        },
    },
    272992: FunctionSnapshot {
        platform: Platform {
            name: "windows-x86",
            arch: "x86",
        },
        symbol: Symbol {
            type: Function,
            binding: Local,
            full_name: "<lambda_952f81e62542d0a726c252b8c2136a43>::<lambda_952f81e62542d0a726c252b8c2136a43>(<lambda_952f81e62542d0a726c252b8c2136a43>* this, class __crt_strtox::c_string_character_source<char>&, char&, char const*&)",
            short_name: "<lambda_952f81e62542d0a726c252b8c2136a43>::<lambda_952f81e62542d0a726c252b8c2136a43>",
            raw_name: "??0<lambda_952f81e62542d0a726c252b8c2136a43>@@QAE@AAV?$c_string_character_source@D@__crt_strtox@@AADAAPBD@Z",
            address: 272992,
            auto_defined: true,
            external: false,
        },
    },
    273424: FunctionSnapshot {
        platform: Platform {
            name: "windows-x86",
            arch: "x86",
        },
        symbol: Symbol {
            type: Function,
            binding: Local,
            full_name: "<lambda_af0d5e41dc07595f2c52435db9a0efad>::<lambda_af0d5e41dc07595f2c52435db9a0efad>(<lambda_af0d5e41dc07595f2c52435db9a0efad>* this, class __crt_strtox::c_string_character_source<char>&, char&, char const*&)",
            short_name: "<lambda_af0d5e41dc07595f2c52435db9a0efad>::<lambda_af0d5e41dc07595f2c52435db9a0efad>",
            raw_name: "??0<lambda_af0d5e41dc07595f2c52435db9a0efad>@@QAE@AAV?$c_string_character_source@D@__crt_strtox@@AADAAPBD@Z",
            address: 273424,
            auto_defined: true,
            external: false,
        },
    },
    273856: FunctionSnapshot {
        platform: Platform {
            name: "windows-x86",
            arch: "x86",
        },
        symbol: Symbol {
            type: Function,
            binding: Local,
            full_name: "<lambda_d9b46f0b07bf76f03656ac7f646b375e>::<lambda_d9b46f0b07bf76f03656ac7f646b375e>(<lambda_d9b46f0b07bf76f03656ac7f646b375e>* this, class __crt_strtox::c_string_character_source<wchar_t>&, wchar_t&, wchar_t const*&)",
            short_name: "<lambda_d9b46f0b07bf76f03656ac7f646b375e>::<lambda_d9b46f0b07bf76f03656ac7f646b375e>",
            raw_name: "??0<lambda_d9b46f0b07bf76f03656ac7f646b375e>@@QAE@AAV?$c_string_character_source@_W@__crt_strtox@@AA_WAAPB_W@Z",
            address: 273856,
            auto_defined: true,
            external: false,
        },
    },
    274288: FunctionSnapshot {
        platform: Platform {
            name: "windows-x86",
            arch: "x86",
        },
        symbol: Symbol {
            type: Function,
            binding: Global,
            full_name: "__crt_strtox::c_string_character_source<char>::c_string_character_source<char>(__crt_strtox::c_string_character_source<char>* this, char const* const, char const** const)",
            short_name: "__crt_strtox::c_string_character_source<char>::c_string_character_source<char>",
            raw_name: "??0?$c_string_character_source@D@__crt_strtox@@QAE@QBDQAPBD@Z",
            address: 274288,
            auto_defined: true,
            external: true,
        },
    },
    274720: FunctionSnapshot {
        platform: Platform {
            name: "windows-x86",
            arch: "x86",
        },
        symbol: Symbol {
            type: Function,
            binding: Global,
            full_name: "__crt_strtox::c_string_character_source<wchar_t>::c_string_character_source<wchar_t>(__crt_strtox::c_string_character_source<wchar_t>* this, wchar_t const* const, wchar_t const** const)",
            short_name: "__crt_strtox::c_string_character_source<wchar_t>::c_string_character_source<wchar_t>",
            raw_name: "??0?$c_string_character_source@_W@__crt_strtox@@QAE@QB_WQAPB_W@Z",
            address: 274720,
            auto_defined: true,
            external: true,
        },
    },
    275152: FunctionSnapshot {
        platform: Platform {
            name: "windows-x86",
            arch: "x86",
        },
        symbol: Symbol {
            type: Function,
            binding: Global,
            full_name: "_LocaleUpdate::_LocaleUpdate(_LocaleUpdate* this, struct __crt_locale_pointers* const)",
            short_name: "_LocaleUpdate::_LocaleUpdate",
            raw_name: "??0_LocaleUpdate@@QAE@QAU__crt_locale_pointers@@@Z",
            address: 275152,
            auto_defined: true,
            external: true,
        },
    },
    275840: FunctionSnapshot {
        platform: Platform {
            name: "windows-x86",
            arch: "x86",
        },
        symbol: Symbol {
            type: Function,
            binding: Global,
            full_name: "__crt_strtox::big_integer::big_integer(__crt_strtox::big_integer* this, struct __crt_strtox::big_integer const&)",
            short_name: "__crt_strtox::big_integer::big_integer",
            raw_name: "??0big_integer@__crt_strtox@@QAE@ABU01@@Z",
            address: 275840,
            auto_defined: true,
            external: true,
        },
    },
    276224: FunctionSnapshot {
        platform: Platform {
            name: "windows-x86",
            arch: "x86",
        },
        symbol: Symbol {
            type: Function,
            binding: Global,
            full_name: "__crt_strtox::big_integer::big_integer(__crt_strtox::big_integer* this)",
            short_name: "__crt_strtox::big_integer::big_integer",
            raw_name: "??0big_integer@__crt_strtox@@QAE@XZ",
            address: 276224,
            auto_defined: true,
            external: true,
        },
    },
    276592: FunctionSnapshot {
        platform: Platform {
            name: "windows-x86",
            arch: "x86",
        },
        symbol: Symbol {
            type: Function,
            binding: Global,
            full_name: "__crt_strtox::floating_point_value::floating_point_value(__crt_strtox::floating_point_value* this, float* const)",
            short_name: "__crt_strtox::floating_point_value::floating_point_value",
            raw_name: "??0floating_point_value@__crt_strtox@@QAE@QAM@Z",
            address: 276592,
            auto_defined: true,
            external: true,
        },
    },
    277040: FunctionSnapshot {
        platform: Platform {
            name: "windows-x86",
            arch: "x86",
        },
        symbol: Symbol {
            type: Function,
            binding: Global,
            full_name: "__crt_strtox::floating_point_value::floating_point_value(__crt_strtox::floating_point_value* this, double* const)",
            short_name: "__crt_strtox::floating_point_value::floating_point_value",
            raw_name: "??0floating_point_value@__crt_strtox@@QAE@QAN@Z",
            address: 277040,
            auto_defined: true,
            external: true,
        },
    },
    277488: FunctionSnapshot {
        platform: Platform {
            name: "windows-x86",
            arch: "x86",
        },
        symbol: Symbol {
            type: Function,
            binding: Global,
            full_name: "__crt_strtox::c_string_character_source<char>::~c_string_character_source<char>(__crt_strtox::c_string_character_source<char>* this)",
            short_name: "__crt_strtox::c_string_character_source<char>::~c_string_character_source<char>",
            raw_name: "??1?$c_string_character_source@D@__crt_strtox@@QAE@XZ",
            address: 277488,
            auto_defined: true,
            external: true,
        },
    },
    277872: FunctionSnapshot {
        platform: Platform {
            name: "windows-x86",
            arch: "x86",
        },
        symbol: Symbol {
            type: Function,
            binding: Global,
            full_name: "__crt_strtox::c_string_character_source<wchar_t>::~c_string_character_source<wchar_t>(__crt_strtox::c_string_character_source<wchar_t>* this)",
            short_name: "__crt_strtox::c_string_character_source<wchar_t>::~c_string_character_source<wchar_t>",
            raw_name: "??1?$c_string_character_source@_W@__crt_strtox@@QAE@XZ",
            address: 277872,
            auto_defined: true,
            external: true,
        },
    },
    278256: FunctionSnapshot {
        platform: Platform {
            name: "windows-x86",
            arch: "x86",
        },
        symbol: Symbol {
            type: Function,
            binding: Global,
            full_name: "_LocaleUpdate::~_LocaleUpdate(_LocaleUpdate* this)",
            short_name: "_LocaleUpdate::~_LocaleUpdate",
            raw_name: "??1_LocaleUpdate@@QAE@XZ",
            address: 278256,
            auto_defined: true,
            external: true,
        },
    },
    278608: FunctionSnapshot {
        platform: Platform {
            name: "windows-x86",
            arch: "x86",
        },
        symbol: Symbol {
            type: Function,
            binding: Global,
            full_name: "__crt_strtox::big_integer::operator=(__crt_strtox::big_integer* this, struct __crt_strtox::big_integer const&)",
            short_name: "__crt_strtox::big_integer::operator=",
            raw_name: "??4big_integer@__crt_strtox@@QAEAAU01@ABU01@@Z",
            address: 278608,
            auto_defined: true,
            external: true,
        },
    },
    279008: FunctionSnapshot {
        platform: Platform {
            name: "windows-x86",
            arch: "x86",
        },
        symbol: Symbol {
            type: Function,
            binding: Global,
            full_name: "__crt_strtox::operator<(struct __crt_strtox::big_integer const&, struct __crt_strtox::big_integer const&)",
            short_name: "__crt_strtox::operator<",
            raw_name: "??M__crt_strtox@@YA_NABUbig_integer@0@0@Z",
            address: 279008,
            auto_defined: true,
            external: true,
        },
    },
    279536: FunctionSnapshot {
        platform: Platform {
            name: "windows-x86",
            arch: "x86",
        },
        symbol: Symbol {
            type: Function,
            binding: Local,
            full_name: "<lambda_06080157eaae712d99479d67fe76bb34>::operator()(<lambda_06080157eaae712d99479d67fe76bb34>* this) const",
            short_name: "<lambda_06080157eaae712d99479d67fe76bb34>::operator()",
            raw_name: "??R<lambda_06080157eaae712d99479d67fe76bb34>@@QBE_NXZ",
            address: 279536,
            auto_defined: true,
            external: false,
        },
    },
    279952: FunctionSnapshot {
        platform: Platform {
            name: "windows-x86",
            arch: "x86",
        },
        symbol: Symbol {
            type: Function,
            binding: Local,
            full_name: "<lambda_1c7d96af0f0b63f6b7070c698dcc1b90>::operator()(<lambda_1c7d96af0f0b63f6b7070c698dcc1b90>* this) const",
            short_name: "<lambda_1c7d96af0f0b63f6b7070c698dcc1b90>::operator()",
            raw_name: "??R<lambda_1c7d96af0f0b63f6b7070c698dcc1b90>@@QBE_NXZ",
            address: 279952,
            auto_defined: true,
            external: false,
        },
    },
    280368: FunctionSnapshot {
        platform: Platform {
            name: "windows-x86",
            arch: "x86",
        },
        symbol: Symbol {
            type: Function,
            binding: Local,
            full_name: "<lambda_3a2f1c4b88a94fdfdc7bccff06592946>::operator()(<lambda_3a2f1c4b88a94fdfdc7bccff06592946>* this) const",
            short_name: "<lambda_3a2f1c4b88a94fdfdc7bccff06592946>::operator()",
            raw_name: "??R<lambda_3a2f1c4b88a94fdfdc7bccff06592946>@@QBE_NXZ",
            address: 280368,
            auto_defined: true,
            external: false,
        },
    },
    280784: FunctionSnapshot {
        platform: Platform {
            name: "windows-x86",
            arch: "x86",
        },
        symbol: Symbol {
            type: Function,
            binding: Local,
            full_name: "<lambda_952f81e62542d0a726c252b8c2136a43>::operator()(<lambda_952f81e62542d0a726c252b8c2136a43>* this) const",
            short_name: "<lambda_952f81e62542d0a726c252b8c2136a43>::operator()",
            raw_name: "??R<lambda_952f81e62542d0a726c252b8c2136a43>@@QBE_NXZ",
            address: 280784,
            auto_defined: true,
            external: false,
        },
    },
    281200: FunctionSnapshot {
        platform: Platform {
            name: "windows-x86",
            arch: "x86",
        },
        symbol: Symbol {
            type: Function,
            binding: Local,
            full_name: "<lambda_af0d5e41dc07595f2c52435db9a0efad>::operator()(<lambda_af0d5e41dc07595f2c52435db9a0efad>* this) const",
            short_name: "<lambda_af0d5e41dc07595f2c52435db9a0efad>::operator()",
            raw_name: "??R<lambda_af0d5e41dc07595f2c52435db9a0efad>@@QBE_NXZ",
            address: 281200,
            auto_defined: true,
            external: false,
        },
    },
    281616: FunctionSnapshot {
        platform: Platform {
            name: "windows-x86",
            arch: "x86",
        },
        symbol: Symbol {
            type: Function,
            binding: Local,
            full_name: "<lambda_d9b46f0b07bf76f03656ac7f646b375e>::operator()(<lambda_d9b46f0b07bf76f03656ac7f646b375e>* this) const",
            short_name: "<lambda_d9b46f0b07bf76f03656ac7f646b375e>::operator()",
            raw_name: "??R<lambda_d9b46f0b07bf76f03656ac7f646b375e>@@QBE_NXZ",
            address: 281616,
            auto_defined: true,
            external: false,
        },
    },
    282032: FunctionSnapshot {
        platform: Platform {
            name: "windows-x86",
            arch: "x86",
        },
        symbol: Symbol {
            type: Function,
            binding: Global,
            full_name: "_LocaleUpdate::GetLocaleT(_LocaleUpdate* this)",
            short_name: "_LocaleUpdate::GetLocaleT",
            raw_name: "?GetLocaleT@_LocaleUpdate@@QAEPAU__crt_locale_pointers@@XZ",
            address: 282032,
            auto_defined: true,
            external: true,
        },
    },
    282336: FunctionSnapshot {
        platform: Platform {
            name: "windows-x86",
            arch: "x86",
        },
        symbol: Symbol {
            type: Function,
            binding: Global,
            full_name: "__crt_interlocked_read_32(int32_t const volatile*)",
            short_name: "__crt_interlocked_read_32",
            raw_name: "?__crt_interlocked_read_32@@YAHPDH@Z",
            address: 282336,
            auto_defined: true,
            external: true,
        },
    },
    282672: FunctionSnapshot {
        platform: Platform {
            name: "windows-x86",
            arch: "x86",
        },
        symbol: Symbol {
            type: Function,
            binding: Global,
            full_name: "__crt_strtox::accumulate_decimal_digits_into_big_integer(uint8_t const* const, uint8_t const* const, struct __crt_strtox::big_integer&)",
            short_name: "__crt_strtox::accumulate_decimal_digits_into_big_integer",
            raw_name: "?accumulate_decimal_digits_into_big_integer@__crt_strtox@@YAXQBE0AAUbig_integer@1@@Z",
            address: 282672,
            auto_defined: true,
            external: true,
        },
    },
    283472: FunctionSnapshot {
        platform: Platform {
            name: "windows-x86",
            arch: "x86",
        },
        symbol: Symbol {
            type: Function,
            binding: Global,
            full_name: "__crt_strtox::add(struct __crt_strtox::big_integer&, uint32_t)",
            short_name: "__crt_strtox::add",
            raw_name: "?add@__crt_strtox@@YA_NAAUbig_integer@1@I@Z",
            address: 283472,
            auto_defined: true,
            external: true,
        },
    },
    284352: FunctionSnapshot {
        platform: Platform {
            name: "windows-x86",
            arch: "x86",
        },
        symbol: Symbol {
            type: Function,
            binding: Global,
            full_name: "__crt_strtox::add_carry(uint32_t&, uint32_t, uint32_t)",
            short_name: "__crt_strtox::add_carry",
            raw_name: "?add_carry@__crt_strtox@@YAIAAIII@Z",
            address: 284352,
            auto_defined: true,
            external: true,
        },
    },
    284768: FunctionSnapshot {
        platform: Platform {
            name: "windows-x86",
            arch: "x86",
        },
        symbol: Symbol {
            type: Function,
            binding: Global,
            full_name: "__crt_strtox::add_multiply_carry(uint32_t&, uint32_t, uint32_t, uint32_t)",
            short_name: "__crt_strtox::add_multiply_carry",
            raw_name: "?add_multiply_carry@__crt_strtox@@YAIAAIIII@Z",
            address: 284768,
            auto_defined: true,
            external: true,
        },
    },
    285216: FunctionSnapshot {
        platform: Platform {
            name: "windows-x86",
            arch: "x86",
        },
        symbol: Symbol {
            type: Function,
            binding: Global,
            full_name: "__crt_strtox::floating_point_value::as_double(__crt_strtox::floating_point_value* this) const",
            short_name: "__crt_strtox::floating_point_value::as_double",
            raw_name: "?as_double@floating_point_value@__crt_strtox@@QBEAANXZ",
            address: 285216,
            auto_defined: true,
            external: true,
        },
    },
    285712: FunctionSnapshot {
        platform: Platform {
            name: "windows-x86",
            arch: "x86",
        },
        symbol: Symbol {
            type: Function,
            binding: Global,
            full_name: "__crt_strtox::floating_point_value::as_float(__crt_strtox::floating_point_value* this) const",
            short_name: "__crt_strtox::floating_point_value::as_float",
            raw_name: "?as_float@floating_point_value@__crt_strtox@@QBEAAMXZ",
            address: 285712,
            auto_defined: true,
            external: true,
        },
    },
    286208: FunctionSnapshot {
        platform: Platform {
            name: "windows-x86",
            arch: "x86",
        },
        symbol: Symbol {
            type: Function,
            binding: Global,
            full_name: "__crt_strtox::assemble_floating_point_infinity(bool, class __crt_strtox::floating_point_value const&)",
            short_name: "__crt_strtox::assemble_floating_point_infinity",
            raw_name: "?assemble_floating_point_infinity@__crt_strtox@@YAX_NABVfloating_point_value@1@@Z",
            address: 286208,
            auto_defined: true,
            external: true,
        },
    },
    286688: FunctionSnapshot {
        platform: Platform {
            name: "windows-x86",
            arch: "x86",
        },
        symbol: Symbol {
            type: Function,
            binding: Global,
            full_name: "__crt_strtox::assemble_floating_point_value(uint64_t, int32_t, bool, bool, class __crt_strtox::floating_point_value const&)",
            short_name: "__crt_strtox::assemble_floating_point_value",
            raw_name: "?assemble_floating_point_value@__crt_strtox@@YA?AW4SLD_STATUS@@_KH_N1ABVfloating_point_value@1@@Z",
            address: 286688,
            auto_defined: true,
            external: true,
        },
    },
    288432: FunctionSnapshot {
        platform: Platform {
            name: "windows-x86",
            arch: "x86",
        },
        symbol: Symbol {
            type: Function,
            binding: Global,
            full_name: "__crt_strtox::assemble_floating_point_value_from_big_integer(struct __crt_strtox::big_integer const&, uint32_t, bool, bool, class __crt_strtox::floating_point_value const&)",
            short_name: "__crt_strtox::assemble_floating_point_value_from_big_integer",
            raw_name: "?assemble_floating_point_value_from_big_integer@__crt_strtox@@YA?AW4SLD_STATUS@@ABUbig_integer@1@I_N1ABVfloating_point_value@1@@Z",
            address: 288432,
            auto_defined: true,
            external: true,
        },
    },
    290768: FunctionSnapshot {
        platform: Platform {
            name: "windows-x86",
            arch: "x86",
        },
        symbol: Symbol {
            type: Function,
            binding: Global,
            full_name: "__crt_strtox::assemble_floating_point_zero(bool, class __crt_strtox::floating_point_value const&)",
            short_name: "__crt_strtox::assemble_floating_point_zero",
            raw_name: "?assemble_floating_point_zero@__crt_strtox@@YAX_NABVfloating_point_value@1@@Z",
            address: 290768,
            auto_defined: true,
            external: true,
        },
    },
    291232: FunctionSnapshot {
        platform: Platform {
            name: "windows-x86",
            arch: "x86",
        },
        symbol: Symbol {
            type: Function,
            binding: Global,
            full_name: "__crt_strtox::bit_scan_reverse(struct __crt_strtox::big_integer const&)",
            short_name: "__crt_strtox::bit_scan_reverse",
            raw_name: "?bit_scan_reverse@__crt_strtox@@YAIABUbig_integer@1@@Z",
            address: 291232,
            auto_defined: true,
            external: true,
        },
    },
    291600: FunctionSnapshot {
        platform: Platform {
            name: "windows-x86",
            arch: "x86",
        },
        symbol: Symbol {
            type: Function,
            binding: Global,
            full_name: "__crt_strtox::bit_scan_reverse(uint32_t)",
            short_name: "__crt_strtox::bit_scan_reverse",
            raw_name: "?bit_scan_reverse@__crt_strtox@@YAII@Z",
            address: 291600,
            auto_defined: true,
            external: true,
        },
    },
    291984: FunctionSnapshot {
        platform: Platform {
            name: "windows-x86",
            arch: "x86",
        },
        symbol: Symbol {
            type: Function,
            binding: Global,
            full_name: "__crt_strtox::bit_scan_reverse(uint64_t)",
            short_name: "__crt_strtox::bit_scan_reverse",
            raw_name: "?bit_scan_reverse@__crt_strtox@@YAI_K@Z",
            address: 291984,
            auto_defined: true,
            external: true,
        },
    },
    292384: FunctionSnapshot {
        platform: Platform {
            name: "windows-x86",
            arch: "x86",
        },
        symbol: Symbol {
            type: Function,
            binding: Global,
            full_name: "__crt_strtox::convert_decimal_string_to_floating_type_common(struct __crt_strtox::floating_point_string const&, class __crt_strtox::floating_point_value const&)",
            short_name: "__crt_strtox::convert_decimal_string_to_floating_type_common",
            raw_name: "?convert_decimal_string_to_floating_type_common@__crt_strtox@@YA?AW4SLD_STATUS@@ABUfloating_point_string@1@ABVfloating_point_value@1@@Z",
            address: 292384,
            auto_defined: true,
            external: true,
        },
    },
    296016: FunctionSnapshot {
        platform: Platform {
            name: "windows-x86",
            arch: "x86",
        },
        symbol: Symbol {
            type: Function,
            binding: Global,
            full_name: "__crt_strtox::convert_hexadecimal_string_to_floating_type_common(struct __crt_strtox::floating_point_string const&, class __crt_strtox::floating_point_value const&)",
            short_name: "__crt_strtox::convert_hexadecimal_string_to_floating_type_common",
            raw_name: "?convert_hexadecimal_string_to_floating_type_common@__crt_strtox@@YA?AW4SLD_STATUS@@ABUfloating_point_string@1@ABVfloating_point_value@1@@Z",
            address: 296016,
            auto_defined: true,
            external: true,
        },
    },
    296912: FunctionSnapshot {
        platform: Platform {
            name: "windows-x86",
            arch: "x86",
        },
        symbol: Symbol {
            type: Function,
            binding: Global,
            full_name: "__crt_strtox::count_sequential_high_zeroes(uint32_t)",
            short_name: "__crt_strtox::count_sequential_high_zeroes",
            raw_name: "?count_sequential_high_zeroes@__crt_strtox@@YAII@Z",
            address: 296912,
            auto_defined: true,
            external: true,
        },
    },
    297280: FunctionSnapshot {
        platform: Platform {
            name: "windows-x86",
            arch: "x86",
        },
        symbol: Symbol {
            type: Function,
            binding: Global,
            full_name: "__crt_strtox::floating_point_value::denormal_mantissa_mask(__crt_strtox::floating_point_value* this) const",
            short_name: "__crt_strtox::floating_point_value::denormal_mantissa_mask",
            raw_name: "?denormal_mantissa_mask@floating_point_value@__crt_strtox@@QBE_KXZ",
            address: 297280,
            auto_defined: true,
            external: true,
        },
    },
    297648: FunctionSnapshot {
        platform: Platform {
            name: "windows-x86",
            arch: "x86",
        },
        symbol: Symbol {
            type: Function,
            binding: Global,
            full_name: "__crt_strtox::divide(struct __crt_strtox::big_integer&, struct __crt_strtox::big_integer const&)",
            short_name: "__crt_strtox::divide",
            raw_name: "?divide@__crt_strtox@@YA_KAAUbig_integer@1@ABU21@@Z",
            address: 297648,
            auto_defined: true,
            external: true,
        },
    },
    303056: FunctionSnapshot {
        platform: Platform {
            name: "windows-x86",
            arch: "x86",
        },
        symbol: Symbol {
            type: Function,
            binding: Global,
            full_name: "__crt_strtox::floating_point_value::exponent_bias(__crt_strtox::floating_point_value* this) const",
            short_name: "__crt_strtox::floating_point_value::exponent_bias",
            raw_name: "?exponent_bias@floating_point_value@__crt_strtox@@QBEHXZ",
            address: 303056,
            auto_defined: true,
            external: true,
        },
    },
    303392: FunctionSnapshot {
        platform: Platform {
            name: "windows-x86",
            arch: "x86",
        },
        symbol: Symbol {
            type: Function,
            binding: Global,
            full_name: "__crt_strtox::c_string_character_source<char>::get(__crt_strtox::c_string_character_source<char>* this)",
            short_name: "__crt_strtox::c_string_character_source<char>::get",
            raw_name: "?get@?$c_string_character_source@D@__crt_strtox@@QAEDXZ",
            address: 303392,
            auto_defined: true,
            external: true,
        },
    },
    303744: FunctionSnapshot {
        platform: Platform {
            name: "windows-x86",
            arch: "x86",
        },
        symbol: Symbol {
            type: Function,
            binding: Global,
            full_name: "__crt_strtox::c_string_character_source<wchar_t>::get(__crt_strtox::c_string_character_source<wchar_t>* this)",
            short_name: "__crt_strtox::c_string_character_source<wchar_t>::get",
            raw_name: "?get@?$c_string_character_source@_W@__crt_strtox@@QAE_WXZ",
            address: 303744,
            auto_defined: true,
            external: true,
        },
    },
    304096: FunctionSnapshot {
        platform: Platform {
            name: "windows-x86",
            arch: "x86",
        },
        symbol: Symbol {
            type: Function,
            binding: Global,
            full_name: "__crt_strtox::is_digit_or_nondigit(int32_t)",
            short_name: "__crt_strtox::is_digit_or_nondigit",
            raw_name: "?is_digit_or_nondigit@__crt_strtox@@YA_NH@Z",
            address: 304096,
            auto_defined: true,
            external: true,
        },
    },
    304528: FunctionSnapshot {
        platform: Platform {
            name: "windows-x86",
            arch: "x86",
        },
        symbol: Symbol {
            type: Function,
            binding: Global,
            full_name: "__crt_strtox::floating_point_value::is_double(__crt_strtox::floating_point_value* this) const",
            short_name: "__crt_strtox::floating_point_value::is_double",
            raw_name: "?is_double@floating_point_value@__crt_strtox@@QBE_NXZ",
            address: 304528,
            auto_defined: true,
            external: true,
        },
    },
    304848: FunctionSnapshot {
        platform: Platform {
            name: "windows-x86",
            arch: "x86",
        },
        symbol: Symbol {
            type: Function,
            binding: Global,
            full_name: "__crt_strtox::is_space(char, struct __crt_locale_pointers* const)",
            short_name: "__crt_strtox::is_space",
            raw_name: "?is_space@__crt_strtox@@YA_NDQAU__crt_locale_pointers@@@Z",
            address: 304848,
            auto_defined: true,
            external: true,
        },
    },
    305216: FunctionSnapshot {
        platform: Platform {
            name: "windows-x86",
            arch: "x86",
        },
        symbol: Symbol {
            type: Function,
            binding: Global,
            full_name: "__crt_strtox::is_space(wchar_t, struct __crt_locale_pointers*)",
            short_name: "__crt_strtox::is_space",
            raw_name: "?is_space@__crt_strtox@@YA_N_WPAU__crt_locale_pointers@@@Z",
            address: 305216,
            auto_defined: true,
            external: true,
        },
    },
    305568: FunctionSnapshot {
        platform: Platform {
            name: "windows-x86",
            arch: "x86",
        },
        symbol: Symbol {
            type: Function,
            binding: Global,
            full_name: "__crt_strtox::make_big_integer(uint64_t)",
            short_name: "__crt_strtox::make_big_integer",
            raw_name: "?make_big_integer@__crt_strtox@@YA?AUbig_integer@1@_K@Z",
            address: 305568,
            auto_defined: true,
            external: true,
        },
    },
    306128: FunctionSnapshot {
        platform: Platform {
            name: "windows-x86",
            arch: "x86",
        },
        symbol: Symbol {
            type: Function,
            binding: Global,
            full_name: "__crt_strtox::floating_point_value::mantissa_bits(__crt_strtox::floating_point_value* this) const",
            short_name: "__crt_strtox::floating_point_value::mantissa_bits",
            raw_name: "?mantissa_bits@floating_point_value@__crt_strtox@@QBEHXZ",
            address: 306128,
            auto_defined: true,
            external: true,
        },
    },
    306464: FunctionSnapshot {
        platform: Platform {
            name: "windows-x86",
            arch: "x86",
        },
        symbol: Symbol {
            type: Function,
            binding: Global,
            full_name: "__crt_strtox::floating_point_value::maximum_binary_exponent(__crt_strtox::floating_point_value* this) const",
            short_name: "__crt_strtox::floating_point_value::maximum_binary_exponent",
            raw_name: "?maximum_binary_exponent@floating_point_value@__crt_strtox@@QBEHXZ",
            address: 306464,
            auto_defined: true,
            external: true,
        },
    },
    306816: FunctionSnapshot {
        platform: Platform {
            name: "windows-x86",
            arch: "x86",
        },
        symbol: Symbol {
            type: Function,
            binding: Global,
            full_name: "__crt_strtox::floating_point_value::minimum_binary_exponent(__crt_strtox::floating_point_value* this) const",
            short_name: "__crt_strtox::floating_point_value::minimum_binary_exponent",
            raw_name: "?minimum_binary_exponent@floating_point_value@__crt_strtox@@QBEHXZ",
            address: 306816,
            auto_defined: true,
            external: true,
        },
    },
    307168: FunctionSnapshot {
        platform: Platform {
            name: "windows-x86",
            arch: "x86",
        },
        symbol: Symbol {
            type: Function,
            binding: Global,
            full_name: "__crt_strtox::multiply(struct __crt_strtox::big_integer&, struct __crt_strtox::big_integer const&)",
            short_name: "__crt_strtox::multiply",
            raw_name: "?multiply@__crt_strtox@@YA_NAAUbig_integer@1@ABU21@@Z",
            address: 307168,
            auto_defined: true,
            external: true,
        },
    },
    309232: FunctionSnapshot {
        platform: Platform {
            name: "windows-x86",
            arch: "x86",
        },
        symbol: Symbol {
            type: Function,
            binding: Global,
            full_name: "__crt_strtox::multiply(struct __crt_strtox::big_integer&, uint32_t)",
            short_name: "__crt_strtox::multiply",
            raw_name: "?multiply@__crt_strtox@@YA_NAAUbig_integer@1@I@Z",
            address: 309232,
            auto_defined: true,
            external: true,
        },
    },
    309968: FunctionSnapshot {
        platform: Platform {
            name: "windows-x86",
            arch: "x86",
        },
        symbol: Symbol {
            type: Function,
            binding: Global,
            full_name: "__crt_strtox::multiply_64_32(uint64_t, uint32_t)",
            short_name: "__crt_strtox::multiply_64_32",
            raw_name: "?multiply_64_32@__crt_strtox@@YA_K_KI@Z",
            address: 309968,
            auto_defined: true,
            external: true,
        },
    },
    310352: FunctionSnapshot {
        platform: Platform {
            name: "windows-x86",
            arch: "x86",
        },
        symbol: Symbol {
            type: Function,
            binding: Global,
            full_name: "__crt_strtox::multiply_by_power_of_ten(struct __crt_strtox::big_integer&, uint32_t)",
            short_name: "__crt_strtox::multiply_by_power_of_ten",
            raw_name: "?multiply_by_power_of_ten@__crt_strtox@@YA_NAAUbig_integer@1@I@Z",
            address: 310352,
            auto_defined: true,
            external: true,
        },
    },
    311760: FunctionSnapshot {
        platform: Platform {
            name: "windows-x86",
            arch: "x86",
        },
        symbol: Symbol {
            type: Function,
            binding: Global,
            full_name: "__crt_strtox::multiply_core(uint32_t* const, uint32_t, uint32_t)",
            short_name: "__crt_strtox::multiply_core",
            raw_name: "?multiply_core@__crt_strtox@@YAIQAIII@Z",
            address: 311760,
            auto_defined: true,
            external: true,
        },
    },
    312416: FunctionSnapshot {
        platform: Platform {
            name: "windows-x86",
            arch: "x86",
        },
        symbol: Symbol {
            type: Function,
            binding: Global,
            full_name: "__crt_strtox::floating_point_value::normal_mantissa_mask(__crt_strtox::floating_point_value* this) const",
            short_name: "__crt_strtox::floating_point_value::normal_mantissa_mask",
            raw_name: "?normal_mantissa_mask@floating_point_value@__crt_strtox@@QBE_KXZ",
            address: 312416,
            auto_defined: true,
            external: true,
        },
    },
    312784: FunctionSnapshot {
        platform: Platform {
            name: "windows-x86",
            arch: "x86",
        },
        symbol: Symbol {
            type: Function,
            binding: Global,
            full_name: "__crt_strtox::parse_digit(char)",
            short_name: "__crt_strtox::parse_digit",
            raw_name: "?parse_digit@__crt_strtox@@YAID@Z",
            address: 312784,
            auto_defined: true,
            external: true,
        },
    },
    313216: FunctionSnapshot {
        platform: Platform {
            name: "windows-x86",
            arch: "x86",
        },
        symbol: Symbol {
            type: Function,
            binding: Global,
            full_name: "__crt_strtox::parse_digit(wchar_t)",
            short_name: "__crt_strtox::parse_digit",
            raw_name: "?parse_digit@__crt_strtox@@YAI_W@Z",
            address: 313216,
            auto_defined: true,
            external: true,
        },
    },
    313696: FunctionSnapshot {
        platform: Platform {
            name: "windows-x86",
            arch: "x86",
        },
        symbol: Symbol {
            type: Function,
            binding: Global,
            full_name: "__crt_strtox::c_string_character_source<char>::restore_state(__crt_strtox::c_string_character_source<char>* this, char const* const)",
            short_name: "__crt_strtox::c_string_character_source<char>::restore_state",
            raw_name: "?restore_state@?$c_string_character_source@D@__crt_strtox@@QAE_NQBD@Z",
            address: 313696,
            auto_defined: true,
            external: true,
        },
    },
    314064: FunctionSnapshot {
        platform: Platform {
            name: "windows-x86",
            arch: "x86",
        },
        symbol: Symbol {
            type: Function,
            binding: Global,
            full_name: "__crt_strtox::c_string_character_source<wchar_t>::restore_state(__crt_strtox::c_string_character_source<wchar_t>* this, wchar_t const* const)",
            short_name: "__crt_strtox::c_string_character_source<wchar_t>::restore_state",
            raw_name: "?restore_state@?$c_string_character_source@_W@__crt_strtox@@QAE_NQB_W@Z",
            address: 314064,
            auto_defined: true,
            external: true,
        },
    },
    314432: FunctionSnapshot {
        platform: Platform {
            name: "windows-x86",
            arch: "x86",
        },
        symbol: Symbol {
            type: Function,
            binding: Global,
            full_name: "__crt_strtox::right_shift_with_rounding(bool, uint64_t, uint32_t, bool)",
            short_name: "__crt_strtox::right_shift_with_rounding",
            raw_name: "?right_shift_with_rounding@__crt_strtox@@YA_K_N_KI0@Z",
            address: 314432,
            auto_defined: true,
            external: true,
        },
    },
    315360: FunctionSnapshot {
        platform: Platform {
            name: "windows-x86",
            arch: "x86",
        },
        symbol: Symbol {
            type: Function,
            binding: Global,
            full_name: "__crt_strtox::c_string_character_source<char>::save_state(__crt_strtox::c_string_character_source<char>* this) const",
            short_name: "__crt_strtox::c_string_character_source<char>::save_state",
            raw_name: "?save_state@?$c_string_character_source@D@__crt_strtox@@QBEPBDXZ",
            address: 315360,
            auto_defined: true,
            external: true,
        },
    },
    315696: FunctionSnapshot {
        platform: Platform {
            name: "windows-x86",
            arch: "x86",
        },
        symbol: Symbol {
            type: Function,
            binding: Global,
            full_name: "__crt_strtox::c_string_character_source<wchar_t>::save_state(__crt_strtox::c_string_character_source<wchar_t>* this) const",
            short_name: "__crt_strtox::c_string_character_source<wchar_t>::save_state",
            raw_name: "?save_state@?$c_string_character_source@_W@__crt_strtox@@QBEPB_WXZ",
            address: 315696,
            auto_defined: true,
            external: true,
        },
    },
    316032: FunctionSnapshot {
        platform: Platform {
            name: "windows-x86",
            arch: "x86",
        },
        symbol: Symbol {
            type: Function,
            binding: Global,
            full_name: "__crt_strtox::shift_left(struct __crt_strtox::big_integer&, uint32_t)",
            short_name: "__crt_strtox::shift_left",
            raw_name: "?shift_left@__crt_strtox@@YA_NAAUbig_integer@1@I@Z",
            address: 316032,
            auto_defined: true,
            external: true,
        },
    },
    318192: FunctionSnapshot {
        platform: Platform {
            name: "windows-x86",
            arch: "x86",
        },
        symbol: Symbol {
            type: Function,
            binding: Global,
            full_name: "__crt_strtox::should_round_up(bool, bool, bool, bool)",
            short_name: "__crt_strtox::should_round_up",
            raw_name: "?should_round_up@__crt_strtox@@YA_N_N000@Z",
            address: 318192,
            auto_defined: true,
            external: true,
        },
    },
    318960: FunctionSnapshot {
        platform: Platform {
            name: "windows-x86",
            arch: "x86",
        },
        symbol: Symbol {
            type: Function,
            binding: Global,
            full_name: "__crt_strtox::c_string_character_source<char>::unget(__crt_strtox::c_string_character_source<char>* this, char)",
            short_name: "__crt_strtox::c_string_character_source<char>::unget",
            raw_name: "?unget@?$c_string_character_source@D@__crt_strtox@@QAEXD@Z",
            address: 318960,
            auto_defined: true,
            external: true,
        },
    },
    319616: FunctionSnapshot {
        platform: Platform {
            name: "windows-x86",
            arch: "x86",
        },
        symbol: Symbol {
            type: Function,
            binding: Global,
            full_name: "__crt_strtox::c_string_character_source<wchar_t>::unget(__crt_strtox::c_string_character_source<wchar_t>* this, wchar_t)",
            short_name: "__crt_strtox::c_string_character_source<wchar_t>::unget",
            raw_name: "?unget@?$c_string_character_source@_W@__crt_strtox@@QAEX_W@Z",
            address: 319616,
            auto_defined: true,
            external: true,
        },
    },
    320288: FunctionSnapshot {
        platform: Platform {
            name: "windows-x86",
            arch: "x86",
        },
        symbol: Symbol {
            type: Function,
            binding: Global,
            full_name: "__crt_strtox::c_string_character_source<char>::validate(__crt_strtox::c_string_character_source<char>* this) const",
            short_name: "__crt_strtox::c_string_character_source<char>::validate",
            raw_name: "?validate@?$c_string_character_source@D@__crt_strtox@@QBE_NXZ",
            address: 320288,
            auto_defined: true,
            external: true,
        },
    },
    320912: FunctionSnapshot {
        platform: Platform {
            name: "windows-x86",
            arch: "x86",
        },
        symbol: Symbol {
            type: Function,
            binding: Global,
            full_name: "__crt_strtox::c_string_character_source<wchar_t>::validate(__crt_strtox::c_string_character_source<wchar_t>* this) const",
            short_name: "__crt_strtox::c_string_character_source<wchar_t>::validate",
            raw_name: "?validate@?$c_string_character_source@_W@__crt_strtox@@QBE_NXZ",
            address: 320912,
            auto_defined: true,
            external: true,
        },
    },
    321536: FunctionSnapshot {
        platform: Platform {
            name: "windows-x86",
            arch: "x86",
        },
        symbol: Symbol {
            type: Function,
            binding: Global,
            full_name: "__crt_strtox::wide_character_to_digit(wchar_t)",
            short_name: "__crt_strtox::wide_character_to_digit",
            raw_name: "?wide_character_to_digit@__crt_strtox@@YAH_W@Z",
            address: 321536,
            auto_defined: true,
            external: true,
        },
    },
    322800: FunctionSnapshot {
        platform: Platform {
            name: "windows-x86",
            arch: "x86",
        },
        symbol: Symbol {
            type: Function,
            binding: Global,
            full_name: "___acrt_get_locale_data_prefix",
            short_name: "___acrt_get_locale_data_prefix",
            raw_name: "___acrt_get_locale_data_prefix",
            address: 322800,
            auto_defined: true,
            external: true,
        },
    },
    323168: FunctionSnapshot {
        platform: Platform {
            name: "windows-x86",
            arch: "x86",
        },
        symbol: Symbol {
            type: Function,
            binding: Global,
            full_name: "___acrt_locale_changed",
            short_name: "___acrt_locale_changed",
            raw_name: "___acrt_locale_changed",
            address: 323168,
            auto_defined: true,
            external: true,
        },
    },
    323504: FunctionSnapshot {
        platform: Platform {
            name: "windows-x86",
            arch: "x86",
        },
        symbol: Symbol {
            type: Function,
            binding: Global,
            full_name: "__atodbl",
            short_name: "__atodbl",
            raw_name: "__atodbl",
            address: 323504,
            auto_defined: true,
            external: true,
        },
    },
    323824: FunctionSnapshot {
        platform: Platform {
            name: "windows-x86",
            arch: "x86",
        },
        symbol: Symbol {
            type: Function,
            binding: Global,
            full_name: "__atodbl_l",
            short_name: "__atodbl_l",
            raw_name: "__atodbl_l",
            address: 323824,
            auto_defined: true,
            external: true,
        },
    },
    324176: FunctionSnapshot {
        platform: Platform {
            name: "windows-x86",
            arch: "x86",
        },
        symbol: Symbol {
            type: Function,
            binding: Global,
            full_name: "__atof_l",
            short_name: "__atof_l",
            raw_name: "__atof_l",
            address: 324176,
            auto_defined: true,
            external: true,
        },
    },
    324496: FunctionSnapshot {
        platform: Platform {
            name: "windows-x86",
            arch: "x86",
        },
        symbol: Symbol {
            type: Function,
            binding: Global,
            full_name: "__atoflt",
            short_name: "__atoflt",
            raw_name: "__atoflt",
            address: 324496,
            auto_defined: true,
            external: true,
        },
    },
    324816: FunctionSnapshot {
        platform: Platform {
            name: "windows-x86",
            arch: "x86",
        },
        symbol: Symbol {
            type: Function,
            binding: Global,
            full_name: "__atoflt_l",
            short_name: "__atoflt_l",
            raw_name: "__atoflt_l",
            address: 324816,
            auto_defined: true,
            external: true,
        },
    },
    325168: FunctionSnapshot {
        platform: Platform {
            name: "windows-x86",
            arch: "x86",
        },
        symbol: Symbol {
            type: Function,
            binding: Global,
            full_name: "__chvalidchk_l",
            short_name: "__chvalidchk_l",
            raw_name: "__chvalidchk_l",
            address: 325168,
            auto_defined: true,
            external: true,
        },
    },
    325520: FunctionSnapshot {
        platform: Platform {
            name: "windows-x86",
            arch: "x86",
        },
        symbol: Symbol {
            type: Function,
            binding: Global,
            full_name: "__ischartype_l",
            short_name: "__ischartype_l",
            raw_name: "__ischartype_l",
            address: 325520,
            auto_defined: true,
            external: true,
        },
    },
    325952: FunctionSnapshot {
        platform: Platform {
            name: "windows-x86",
            arch: "x86",
        },
        symbol: Symbol {
            type: Function,
            binding: Global,
            full_name: "__wtof",
            short_name: "__wtof",
            raw_name: "__wtof",
            address: 325952,
            auto_defined: true,
            external: true,
        },
    },
    326256: FunctionSnapshot {
        platform: Platform {
            name: "windows-x86",
            arch: "x86",
        },
        symbol: Symbol {
            type: Function,
            binding: Global,
            full_name: "__wtof_l",
            short_name: "__wtof_l",
            raw_name: "__wtof_l",
            address: 326256,
            auto_defined: true,
            external: true,
        },
    },
    326576: FunctionSnapshot {
        platform: Platform {
            name: "windows-x86",
            arch: "x86",
        },
        symbol: Symbol {
            type: Function,
            binding: Global,
            full_name: "_atof",
            short_name: "_atof",
            raw_name: "_atof",
            address: 326576,
            auto_defined: true,
            external: true,
        },
    },
    326880: FunctionSnapshot {
        platform: Platform {
            name: "windows-x86",
            arch: "x86",
        },
        symbol: Symbol {
            type: Function,
            binding: Local,
            full_name: "_memcpy_s",
            short_name: "_memcpy_s",
            raw_name: "_memcpy_s",
            address: 326880,
            auto_defined: true,
            external: false,
        },
    },
}
